// Jest Snapshot v1, https://goo.gl/fbAQLP

exports[`<PrettyLink/> renders properly 1`] = `
.c0 {
  font-weight: bold;
  -webkit-text-decoration: underline;
  text-decoration: underline;
  -webkit-transition: opacity 0.3s ease;
  transition: opacity 0.3s ease;
}

.c0:hover {
  opacity: 0.4;
}

<PrettyLink
  onClick={
    [MockFunction] {
      "calls": Array [
        Array [],
      ],
      "results": Array [
        Object {
          "type": "return",
          "value": undefined,
        },
      ],
    }
  }
>
  <styled.a
    onClick={[Function]}
    target="_blank"
  >
    <StyledComponent
      forwardedComponent={
        Object {
          "$$typeof": Symbol(react.forward_ref),
          "attrs": Array [],
          "componentStyle": ComponentStyle {
            "componentId": "sc-bdVaJa",
            "isStatic": false,
            "lastClassName": "c0",
            "rules": Array [
              "
  color: ",
              [Function],
              ";
  font-weight: bold;
  text-decoration: underline;
  transition: opacity 0.3s ease;

  &:hover {
    opacity: 0.4;
  }
",
            ],
          },
          "displayName": "styled.a",
          "foldedComponentIds": Array [],
          "render": [Function],
          "styledComponentId": "sc-bdVaJa",
          "target": "a",
          "toString": [Function],
          "warnTooManyClasses": [Function],
          "withComponent": [Function],
        }
      }
      forwardedRef={null}
      onClick={[Function]}
      target="_blank"
    >
      <a
        className="c0"
        onClick={[Function]}
        target="_blank"
      >
        link text
      </a>
    </StyledComponent>
  </styled.a>
</PrettyLink>
`;
