// Jest Snapshot v1, https://goo.gl/fbAQLP

exports[`<PuzzlePiece/> renders properly 1`] = `
.c0 {
  background: cyan;
  -webkit-flex-shrink: 0;
  -ms-flex-negative: 0;
  flex-shrink: 0;
  height: 67px;
  left: 16px;
  overflow: hidden;
  position: absolute;
  top: 16px;
  -webkit-transform: translate(201px,0px);
  -ms-transform: translate(201px,0px);
  transform: translate(201px,0px);
  -webkit-transition: all 0.2s ease;
  transition: all 0.2s ease;
  width: 67px;
}

.c1 {
  background: gray;
  background-image: url();
  background-position: center center;
  background-size: cover cover;
  height: 268px;
  position: relative;
  -webkit-transform: translate(-67px,0px);
  -ms-transform: translate(-67px,0px);
  transform: translate(-67px,0px);
  width: 268px;
}

<PuzzlePiece
  image=""
  num={1}
  position={3}
>
  <Piece
    left={201}
    top={0}
  >
    <StyledComponent
      forwardedComponent={
        Object {
          "$$typeof": Symbol(react.forward_ref),
          "attrs": Array [],
          "componentStyle": ComponentStyle {
            "componentId": "sc-bdVaJa",
            "isStatic": false,
            "lastClassName": "c0",
            "rules": Array [
              "
  background: cyan;
  flex-shrink: 0;
  height: 67px;
  left: 16px;
  overflow: hidden;
  position: absolute;
  top: 16px;
  transform: ",
              [Function],
              ";
  transition: all 0.2s ease;
  width: 67px;
",
            ],
          },
          "displayName": "Piece",
          "foldedComponentIds": Array [],
          "render": [Function],
          "styledComponentId": "sc-bdVaJa",
          "target": "div",
          "toString": [Function],
          "warnTooManyClasses": [Function],
          "withComponent": [Function],
        }
      }
      forwardedRef={null}
      left={201}
      top={0}
    >
      <div
        className="c0"
      >
        <PieceImage
          image=""
          left={-67}
          top={-0}
        >
          <StyledComponent
            forwardedComponent={
              Object {
                "$$typeof": Symbol(react.forward_ref),
                "attrs": Array [],
                "componentStyle": ComponentStyle {
                  "componentId": "sc-bwzfXH",
                  "isStatic": false,
                  "lastClassName": "c1",
                  "rules": Array [
                    "
  background: gray;
  background-image: url(",
                    [Function],
                    ");
  background-position: center center;
  background-size: cover cover;
  height: 268px;
  position: relative;
  transform: ",
                    [Function],
                    ";
  width: 268px;
",
                  ],
                },
                "displayName": "PieceImage",
                "foldedComponentIds": Array [],
                "render": [Function],
                "styledComponentId": "sc-bwzfXH",
                "target": "div",
                "toString": [Function],
                "warnTooManyClasses": [Function],
                "withComponent": [Function],
              }
            }
            forwardedRef={null}
            image=""
            left={-67}
            top={-0}
          >
            <div
              className="c1"
            />
          </StyledComponent>
        </PieceImage>
      </div>
    </StyledComponent>
  </Piece>
</PuzzlePiece>
`;
