// Jest Snapshot v1, https://goo.gl/fbAQLP

exports[`<AppWrapper/> renders properly 1`] = `
.c0 {
  -webkit-align-items: center;
  -webkit-box-align: center;
  -ms-flex-align: center;
  align-items: center;
  background: linear-gradient(180deg,#7D05AA 0%,#238BFF 100%);
  box-sizing: border-box;
  display: -webkit-box;
  display: -webkit-flex;
  display: -ms-flexbox;
  display: flex;
  -webkit-flex-direction: column;
  -ms-flex-direction: column;
  flex-direction: column;
  height: 100vh;
  padding: 26px;
  position: fixed;
  width: 100%;
}

<AppWrapper>
  <div
    className="c0"
  />
</AppWrapper>
`;
