// Jest Snapshot v1, https://goo.gl/fbAQLP

exports[`<Link/> renders properly 1`] = `
.c0 {
  color: #FFF;
  font-weight: bold;
  -webkit-text-decoration: underline;
  text-decoration: underline;
  -webkit-transition: opacity 0.3s ease;
  transition: opacity 0.3s ease;
}

.c0:hover {
  opacity: 0.4;
}

<Link>
  <a
    className="c0"
  >
    link text
  </a>
</Link>
`;
