// Jest Snapshot v1, https://goo.gl/fbAQLP

exports[`<ShareSection/> renders properly 1`] = `
.c0 {
  display: -webkit-box;
  display: -webkit-flex;
  display: -ms-flexbox;
  display: flex;
  font-size: 0.83em;
  margin-top: 10px;
  -webkit-box-pack: center;
  -webkit-justify-content: center;
  -ms-flex-pack: center;
  justify-content: center;
  width: 300px;
}

.c0 > * {
  margin: 0 10px;
}

<ShareSection>
  <div
    className="c0"
  />
</ShareSection>
`;
